---
source: crates/hm/src/tui/widgets/summary.rs
expression: buffer_to_string(&buf)
---
┌──────────────────────────────────────────────────────────────────────────────┐
│                                                                              │
│  █ █ ▗█▖ ▜▛▜▖█▖▟▌▗▛▙ █▖▐▌▛█▜                                                 │
│  █▄█ █ █ ▐▙▟▘███▌█ ▐▌█▜▟▌ █                                                  │
│  █ █ █▀█ ▐▌▜▖█▝▐▌▜▖▟▘█ ▜▌ █                                                  │
│  ▀ ▀ ▀ ▀ ▀▘▝▘▀ ▝▘ ▀▘ ▀ ▝▘▝▀▘                                                 │
│                                                                              │
│  build complete                                                              │
│                                                                              │
│    total       6000ms                                                        │
│    chains      3                                                             │
│    steps       3 passed · 0 cached · 0 failed                                │
│    cache hit % 0%                                                            │
│    slowest     lint (3000ms)                                                 │
│                                                                              │
│                                                                              │
│                                                                              │
│                                                                              │
│                                                                              │
│                                                                              │
│                                                                              │
│                                                                              │
│                                                                              │
└──────────────────────────────────────────────────────────────────────────────┘
