---
source: crates/hm/src/tui/widgets/timeline.rs
expression: buffer_to_string(&buf)
---
┌ timeline ────────────────────────────────────────────────┐
│c1 █████░░░░░░░░░░░░░░░░░░░░░░░░░ test 1000ms  pass       │
│c2 ██████████░░░░░░░░░░░░░░░░░░░░ build 2000ms  pass      │
│c3 ███████████████░░░░░░░░░░░░░░░ lint 3000ms  pass       │
│                                                          │
│                                                          │
│                                                          │
└──────────────────────────────────────────────────────────┘
