---
source: crates/hm/src/tui/widgets/graph.rs
expression: buffer_to_string(&buf)
---
┌ graph ─────────────────────┐
│◇                           │
│◆                           │
│◐                           │
│                            │
│                            │
│                            │
└────────────────────────────┘
